Running in: /home/formica/bp-sensor-selection
Model loaded and set to eval mode.
Random baseline computed for sim=0, delta=0.3, lam=0.3
[GNN] k=1/50, overlap=0.7800
[GNN] k=2/50, overlap=0.8000
[GNN] k=3/50, overlap=0.8200
[GNN] k=4/50, overlap=0.8400
[GNN] k=5/50, overlap=0.8200
[GNN] k=11/50, overlap=0.8200
[GNN] k=21/50, overlap=0.8200
[GNN] k=31/50, overlap=0.8800
[GNN] k=41/50, overlap=0.9200
GNN selection completed for sim=0, delta=0.3, lam=0.3
Random baseline computed for sim=1, delta=0.3, lam=0.3
[GNN] k=1/50, overlap=0.7400
[GNN] k=2/50, overlap=0.7200
[GNN] k=3/50, overlap=0.7000
[GNN] k=4/50, overlap=0.7200
[GNN] k=5/50, overlap=0.7400
[GNN] k=11/50, overlap=0.7400
[GNN] k=21/50, overlap=0.8400
[GNN] k=31/50, overlap=0.8600
[GNN] k=41/50, overlap=0.9000
GNN selection completed for sim=1, delta=0.3, lam=0.3
Random baseline computed for sim=2, delta=0.3, lam=0.3
[GNN] k=1/50, overlap=0.6400
[GNN] k=2/50, overlap=0.6600
[GNN] k=3/50, overlap=0.6800
[GNN] k=4/50, overlap=0.6600
[GNN] k=5/50, overlap=0.6800
[GNN] k=11/50, overlap=0.6800
[GNN] k=21/50, overlap=0.7800
[GNN] k=31/50, overlap=0.8800
[GNN] k=41/50, overlap=0.9400
GNN selection completed for sim=2, delta=0.3, lam=0.3
Random baseline computed for sim=3, delta=0.3, lam=0.3
[GNN] k=1/50, overlap=0.8000
[GNN] k=2/50, overlap=0.7800
[GNN] k=3/50, overlap=0.7600
[GNN] k=4/50, overlap=0.7800
[GNN] k=5/50, overlap=0.7800
[GNN] k=11/50, overlap=0.8000
[GNN] k=21/50, overlap=0.8400
[GNN] k=31/50, overlap=0.9000
[GNN] k=41/50, overlap=0.9200
GNN selection completed for sim=3, delta=0.3, lam=0.3
Random baseline computed for sim=4, delta=0.3, lam=0.3
[GNN] k=1/50, overlap=0.6800
[GNN] k=2/50, overlap=0.6600
[GNN] k=3/50, overlap=0.6400
[GNN] k=4/50, overlap=0.6200
[GNN] k=5/50, overlap=0.6000
[GNN] k=11/50, overlap=0.6400
[GNN] k=21/50, overlap=0.7800
[GNN] k=31/50, overlap=0.8400
[GNN] k=41/50, overlap=0.9200
GNN selection completed for sim=4, delta=0.3, lam=0.3
method    gnn  random
rho                  
0.02    0.728   0.732
0.04    0.724   0.736
0.06    0.720   0.744
0.08    0.724   0.736
0.10    0.724   0.740
0.12    0.712   0.748
0.14    0.712   0.752
0.16    0.716   0.760
0.18    0.724   0.764
0.20    0.732   0.768
0.22    0.736   0.788
0.24    0.740   0.768
0.26    0.748   0.784
0.28    0.760   0.780
0.30    0.772   0.780
0.32    0.780   0.776
0.34    0.784   0.788
0.36    0.792   0.792
0.38    0.800   0.796
0.40    0.804   0.788
0.42    0.808   0.800
0.44    0.812   0.804
0.46    0.808   0.812
0.48    0.812   0.824
0.50    0.816   0.832
0.52    0.832   0.852
0.54    0.840   0.860
0.56    0.848   0.868
0.58    0.844   0.872
0.60    0.860   0.876
0.62    0.868   0.880
0.64    0.872   0.876
0.66    0.876   0.876
0.68    0.884   0.880
0.70    0.884   0.888
0.72    0.896   0.896
0.74    0.908   0.904
0.76    0.916   0.920
0.78    0.920   0.928
0.80    0.920   0.936
0.82    0.920   0.940
0.84    0.928   0.952
0.86    0.928   0.956
0.88    0.928   0.964
0.90    0.936   0.972
0.92    0.952   0.976
0.94    0.968   0.980
0.96    0.984   0.984
0.98    0.996   0.988
1.00    0.996   0.996
